{"cookies":[],"entries":[{"asserts":[{"line":4,"message":"Assert body value\n  --> tests/failure.hurl:4:1\n   |\n   | GET http://example.com/hello\n   | ...\n 4 | `Hello World`\n   | ^^^^^^^^^^^^^ actual value is <hello, ***>\n   |","success":false}],"calls":[{"request":{"cookies":[],"headers":[],"method":"GET","query_string":[],"url":"http://example.com/hello"},"response":{"cookies":[],"headers":[],"http_version":"HTTP/1.1","status":200},"timings":{"app_connect":0,"begin_call":"0001-01-01T00:00:00.000000Z","connect":0,"end_call":"0001-01-01T00:00:00.000000Z","name_lookup":0,"pre_transfer":0,"start_transfer":0,"total":0}}],"captures":[],"curl_cmd":"curl 'http://example.com/hello'","index":1,"line":1,"time":0}],"filename":"tests/failure.hurl","success":false,"time":7}
