GET https://example.com/digest
[Options]
user: user:pass
digest: true

GET https://example.com/ntlm
[Options]
user: user:pass
ntlm: true

GET https://example.com/negotiate
[Options]
negotiate: true

GET https://example.com/http1.0
[Options]
http1.0: true

GET https://example.com/http3
[Options]
http3: true

GET https://example.com/aws-sigv4
[Options]
aws-sigv4: aws:amz:us-east-1:s3
warning secret: curl: -u wrote a password in plain text; consider --secret and {{password}}
warning secret: curl: -u wrote a password in plain text; consider --secret and {{password}}
