// Vitest Snapshot v1, https://vitest.dev/guide/snapshot.html

exports[`design tokens > matches the snapshot 1`] = `
{
  "dark": {
    "--accent": "#5dc9b8",
    "--accent-ink": "#062a26",
    "--accent-kbd": "rgba(6, 42, 38, 0.16)",
    "--accent-line": "rgba(93, 201, 184, 0.4)",
    "--accent-soft": "rgba(93, 201, 184, 0.12)",
    "--backdrop": "#070b12",
    "--bg": "#0b111c",
    "--curline": "rgba(255, 255, 255, 0.03)",
    "--fail": "#f07268",
    "--fail-line": "rgba(240, 114, 104, 0.32)",
    "--fail-row": "rgba(240, 114, 104, 0.07)",
    "--fail-soft": "rgba(240, 114, 104, 0.1)",
    "--faint": "#5a6882",
    "--hover": "#1a263b",
    "--info": "#7aa7f5",
    "--line": "#22304a",
    "--line2": "#19243a",
    "--m-delete": "#f07268",
    "--m-get": "#5bd08f",
    "--m-patch": "#b99af3",
    "--m-post": "#e6b450",
    "--m-put": "#7aa7f5",
    "--muted": "#8593ab",
    "--panel": "#101826",
    "--pass": "#5bd08f",
    "--pass-soft": "rgba(91, 208, 143, 0.12)",
    "--pop": "0 18px 44px -12px rgba(0, 0, 0, 0.7)",
    "--raised": "#172236",
    "--scrim": "rgba(3, 6, 12, 0.55)",
    "--shadow": "0 40px 90px -30px rgba(0, 0, 0, 0.8)",
    "--t-com": "#5f6e88",
    "--t-f": "#e0c274",
    "--t-http": "#b99af3",
    "--t-key": "#7aa7f5",
    "--t-num": "#f2a869",
    "--t-op": "#f59e8b",
    "--t-q": "#c9a8ff",
    "--t-sec": "#b99af3",
    "--t-str": "#a9d8a0",
    "--t-var": "#5dc9b8",
    "--text": "#d8e1ee",
    "--warn": "#e6b450",
    "--warn-line": "rgba(230, 180, 80, 0.6)",
    "--warn-soft": "rgba(230, 180, 80, 0.11)",
  },
  "light": {
    "--accent": "#1f7f72",
    "--accent-ink": "#ffffff",
    "--accent-kbd": "rgba(255, 255, 255, 0.18)",
    "--accent-line": "rgba(31, 127, 114, 0.4)",
    "--accent-soft": "rgba(31, 127, 114, 0.1)",
    "--backdrop": "#dde3ea",
    "--bg": "#ffffff",
    "--curline": "rgba(18, 26, 43, 0.035)",
    "--fail": "#cc3d33",
    "--fail-line": "rgba(204, 61, 51, 0.28)",
    "--fail-row": "rgba(204, 61, 51, 0.06)",
    "--fail-soft": "rgba(204, 61, 51, 0.07)",
    "--faint": "#8b97aa",
    "--hover": "#e6ebf2",
    "--info": "#2f64c9",
    "--line": "#d5dde8",
    "--line2": "#e3e8ef",
    "--m-delete": "#cc3d33",
    "--m-get": "#1b8f55",
    "--m-patch": "#7a4fd0",
    "--m-post": "#9a6a0e",
    "--m-put": "#2f64c9",
    "--muted": "#56657c",
    "--panel": "#f6f8fb",
    "--pass": "#1b8f55",
    "--pass-soft": "rgba(27, 143, 85, 0.1)",
    "--pop": "0 18px 44px -12px rgba(18, 26, 43, 0.3)",
    "--raised": "#eaeff5",
    "--scrim": "rgba(18, 26, 43, 0.28)",
    "--shadow": "0 40px 90px -30px rgba(18, 26, 43, 0.45)",
    "--t-com": "#8b97a8",
    "--t-f": "#8a6a00",
    "--t-http": "#7a4fd0",
    "--t-key": "#2f64c9",
    "--t-num": "#b4540f",
    "--t-op": "#c2410c",
    "--t-q": "#7a4fd0",
    "--t-sec": "#7a4fd0",
    "--t-str": "#2e7d4f",
    "--t-var": "#1f7f72",
    "--text": "#121a2b",
    "--warn": "#9a6a0e",
    "--warn-line": "rgba(154, 106, 14, 0.55)",
    "--warn-soft": "rgba(154, 106, 14, 0.09)",
  },
}
`;
