// Vitest Snapshot v1, https://vitest.dev/guide/snapshot.html

exports[`design tokens > ayu-dark > matches the snapshot 1`] = `
{
  "--accent": "#e6b450",
  "--accent-ink": "#000000",
  "--accent-kbd": "rgba(0, 0, 0, 0.16)",
  "--accent-line": "rgba(230, 180, 80, 0.4)",
  "--accent-soft": "rgba(230, 180, 80, 0.12)",
  "--backdrop": "#0d1017",
  "--bg": "#10141c",
  "--curline": "rgba(255, 255, 255, 0.03)",
  "--fail": "#f07178",
  "--fail-line": "rgba(240, 113, 120, 0.32)",
  "--fail-row": "rgba(240, 113, 120, 0.07)",
  "--fail-soft": "rgba(240, 113, 120, 0.1)",
  "--faint": "#5a6673",
  "--hover": "#232834",
  "--info": "#59c2ff",
  "--line": "#2a303d",
  "--line2": "#1b1f29",
  "--m-delete": "#f07178",
  "--m-get": "#aad94c",
  "--m-patch": "#d2a6ff",
  "--m-post": "#ffb454",
  "--m-put": "#59c2ff",
  "--muted": "#7b818c",
  "--panel": "#141821",
  "--pass": "#aad94c",
  "--pass-soft": "rgba(170, 217, 76, 0.12)",
  "--pop": "0 18px 44px -12px rgba(0, 0, 0, 0.7)",
  "--raised": "#1b1f29",
  "--scrim": "rgba(13, 16, 23, 0.55)",
  "--shadow": "0 40px 90px -30px rgba(0, 0, 0, 0.8)",
  "--t-com": "#5a6673",
  "--t-f": "#ffb454",
  "--t-http": "#ff8f40",
  "--t-key": "#59c2ff",
  "--t-num": "#d2a6ff",
  "--t-op": "#f29668",
  "--t-q": "#95e6cb",
  "--t-sec": "#d2a6ff",
  "--t-str": "#aad94c",
  "--t-var": "#e6b450",
  "--text": "#bfbdb6",
  "--warn": "#ffb454",
  "--warn-line": "rgba(255, 180, 84, 0.6)",
  "--warn-soft": "rgba(255, 180, 84, 0.11)",
}
`;

exports[`design tokens > ayu-light > matches the snapshot 1`] = `
{
  "--accent": "#ce8014",
  "--accent-ink": "#000000",
  "--accent-kbd": "rgba(0, 0, 0, 0.18)",
  "--accent-line": "rgba(206, 128, 20, 0.4)",
  "--accent-soft": "rgba(206, 128, 20, 0.1)",
  "--backdrop": "#ebeef0",
  "--bg": "#fcfcfc",
  "--curline": "rgba(92, 97, 102, 0.035)",
  "--fail": "#e65050",
  "--fail-line": "rgba(230, 80, 80, 0.28)",
  "--fail-row": "rgba(230, 80, 80, 0.06)",
  "--fail-soft": "rgba(230, 80, 80, 0.07)",
  "--faint": "#909296",
  "--hover": "#e9ecef",
  "--info": "#209ad8",
  "--line": "#d9dde1",
  "--line2": "#e8ebee",
  "--m-delete": "#e65050",
  "--m-get": "#779f00",
  "--m-patch": "#a37acc",
  "--m-post": "#c18600",
  "--m-put": "#209ad8",
  "--muted": "#6c747f",
  "--panel": "#fafafa",
  "--pass": "#779f00",
  "--pass-soft": "rgba(119, 159, 0, 0.1)",
  "--pop": "0 18px 44px -12px rgba(92, 97, 102, 0.3)",
  "--raised": "#f1f3f5",
  "--scrim": "rgba(92, 97, 102, 0.28)",
  "--shadow": "0 40px 90px -30px rgba(92, 97, 102, 0.45)",
  "--t-com": "#adaeb1",
  "--t-f": "#c18600",
  "--t-http": "#de762c",
  "--t-key": "#209ad8",
  "--t-num": "#a37acc",
  "--t-op": "#c48275",
  "--t-q": "#41a282",
  "--t-sec": "#a37acc",
  "--t-str": "#779f00",
  "--t-var": "#c7823c",
  "--text": "#5c6166",
  "--warn": "#c18600",
  "--warn-line": "rgba(193, 134, 0, 0.55)",
  "--warn-soft": "rgba(193, 134, 0, 0.09)",
}
`;

exports[`design tokens > catppuccin-latte > matches the snapshot 1`] = `
{
  "--accent": "#8839ef",
  "--accent-ink": "#ffffff",
  "--accent-kbd": "rgba(255, 255, 255, 0.18)",
  "--accent-line": "rgba(136, 57, 239, 0.4)",
  "--accent-soft": "rgba(136, 57, 239, 0.1)",
  "--backdrop": "#bcc0cc",
  "--bg": "#eff1f5",
  "--curline": "rgba(76, 79, 105, 0.035)",
  "--fail": "#d20f39",
  "--fail-line": "rgba(210, 15, 57, 0.28)",
  "--fail-row": "rgba(210, 15, 57, 0.06)",
  "--fail-soft": "rgba(210, 15, 57, 0.07)",
  "--faint": "#878a9d",
  "--hover": "#d3d7e0",
  "--info": "#1e66f5",
  "--line": "#ccd0da",
  "--line2": "#d9dde5",
  "--m-delete": "#d20f39",
  "--m-get": "#3f9e2b",
  "--m-patch": "#6d82f3",
  "--m-post": "#c07a19",
  "--m-put": "#1e66f5",
  "--muted": "#64677e",
  "--panel": "#e6e9ef",
  "--pass": "#3f9e2b",
  "--pass-soft": "rgba(63, 158, 43, 0.1)",
  "--pop": "0 18px 44px -12px rgba(76, 79, 105, 0.3)",
  "--raised": "#dce0e8",
  "--scrim": "rgba(76, 79, 105, 0.28)",
  "--shadow": "0 40px 90px -30px rgba(76, 79, 105, 0.45)",
  "--t-com": "#7c7f93",
  "--t-f": "#1e66f5",
  "--t-http": "#8839ef",
  "--t-key": "#1e66f5",
  "--t-num": "#ec5d0a",
  "--t-op": "#0494ce",
  "--t-q": "#cc67b1",
  "--t-sec": "#8839ef",
  "--t-str": "#3f9e2b",
  "--t-var": "#179299",
  "--text": "#4c4f69",
  "--warn": "#c07a19",
  "--warn-line": "rgba(192, 122, 25, 0.55)",
  "--warn-soft": "rgba(192, 122, 25, 0.09)",
}
`;

exports[`design tokens > catppuccin-mocha > matches the snapshot 1`] = `
{
  "--accent": "#cba6f7",
  "--accent-ink": "#000000",
  "--accent-kbd": "rgba(0, 0, 0, 0.16)",
  "--accent-line": "rgba(203, 166, 247, 0.4)",
  "--accent-soft": "rgba(203, 166, 247, 0.12)",
  "--backdrop": "#11111b",
  "--bg": "#1e1e2e",
  "--curline": "rgba(255, 255, 255, 0.03)",
  "--fail": "#f38ba8",
  "--fail-line": "rgba(243, 139, 168, 0.32)",
  "--fail-row": "rgba(243, 139, 168, 0.07)",
  "--fail-soft": "rgba(243, 139, 168, 0.1)",
  "--faint": "#6c7086",
  "--hover": "#3b3c4f",
  "--info": "#89b4fa",
  "--line": "#45475a",
  "--line2": "#393a4d",
  "--m-delete": "#f38ba8",
  "--m-get": "#a6e3a1",
  "--m-patch": "#cba6f7",
  "--m-post": "#f9e2af",
  "--m-put": "#89b4fa",
  "--muted": "#a6adc8",
  "--panel": "#262637",
  "--pass": "#a6e3a1",
  "--pass-soft": "rgba(166, 227, 161, 0.12)",
  "--pop": "0 18px 44px -12px rgba(0, 0, 0, 0.7)",
  "--raised": "#313244",
  "--scrim": "rgba(17, 17, 27, 0.55)",
  "--shadow": "0 40px 90px -30px rgba(0, 0, 0, 0.8)",
  "--t-com": "#9399b2",
  "--t-f": "#89b4fa",
  "--t-http": "#cba6f7",
  "--t-key": "#89b4fa",
  "--t-num": "#fab387",
  "--t-op": "#89dceb",
  "--t-q": "#f5c2e7",
  "--t-sec": "#cba6f7",
  "--t-str": "#a6e3a1",
  "--t-var": "#94e2d5",
  "--text": "#cdd6f4",
  "--warn": "#f9e2af",
  "--warn-line": "rgba(249, 226, 175, 0.6)",
  "--warn-soft": "rgba(249, 226, 175, 0.11)",
}
`;

exports[`design tokens > dark > matches the snapshot 1`] = `
{
  "--accent": "#5dc9b8",
  "--accent-ink": "#062a26",
  "--accent-kbd": "rgba(6, 42, 38, 0.16)",
  "--accent-line": "rgba(93, 201, 184, 0.4)",
  "--accent-soft": "rgba(93, 201, 184, 0.12)",
  "--backdrop": "#070b12",
  "--bg": "#0b111c",
  "--curline": "rgba(255, 255, 255, 0.03)",
  "--fail": "#f07268",
  "--fail-line": "rgba(240, 114, 104, 0.32)",
  "--fail-row": "rgba(240, 114, 104, 0.07)",
  "--fail-soft": "rgba(240, 114, 104, 0.1)",
  "--faint": "#5a6882",
  "--hover": "#1a263b",
  "--info": "#7aa7f5",
  "--line": "#22304a",
  "--line2": "#19243a",
  "--m-delete": "#f07268",
  "--m-get": "#5bd08f",
  "--m-patch": "#b99af3",
  "--m-post": "#e6b450",
  "--m-put": "#7aa7f5",
  "--muted": "#8593ab",
  "--panel": "#101826",
  "--pass": "#5bd08f",
  "--pass-soft": "rgba(91, 208, 143, 0.12)",
  "--pop": "0 18px 44px -12px rgba(0, 0, 0, 0.7)",
  "--raised": "#172236",
  "--scrim": "rgba(3, 6, 12, 0.55)",
  "--shadow": "0 40px 90px -30px rgba(0, 0, 0, 0.8)",
  "--t-com": "#5f6e88",
  "--t-f": "#e0c274",
  "--t-http": "#b99af3",
  "--t-key": "#7aa7f5",
  "--t-num": "#f2a869",
  "--t-op": "#f59e8b",
  "--t-q": "#c9a8ff",
  "--t-sec": "#b99af3",
  "--t-str": "#a9d8a0",
  "--t-var": "#5dc9b8",
  "--text": "#d8e1ee",
  "--warn": "#e6b450",
  "--warn-line": "rgba(230, 180, 80, 0.6)",
  "--warn-soft": "rgba(230, 180, 80, 0.11)",
}
`;

exports[`design tokens > dracula > matches the snapshot 1`] = `
{
  "--accent": "#bd93f9",
  "--accent-ink": "#000000",
  "--accent-kbd": "rgba(0, 0, 0, 0.16)",
  "--accent-line": "rgba(189, 147, 249, 0.4)",
  "--accent-soft": "rgba(189, 147, 249, 0.12)",
  "--backdrop": "#191a21",
  "--bg": "#282a36",
  "--curline": "rgba(255, 255, 255, 0.03)",
  "--fail": "#ff5555",
  "--fail-line": "rgba(255, 85, 85, 0.32)",
  "--fail-row": "rgba(255, 85, 85, 0.07)",
  "--fail-soft": "rgba(255, 85, 85, 0.1)",
  "--faint": "#6272a4",
  "--hover": "#44475a",
  "--info": "#8be9fd",
  "--line": "#44475a",
  "--line2": "#343746",
  "--m-delete": "#ff5555",
  "--m-get": "#50fa7b",
  "--m-patch": "#bd93f9",
  "--m-post": "#ffb86c",
  "--m-put": "#8be9fd",
  "--muted": "#8491b6",
  "--panel": "#21222c",
  "--pass": "#50fa7b",
  "--pass-soft": "rgba(80, 250, 123, 0.12)",
  "--pop": "0 18px 44px -12px rgba(0, 0, 0, 0.7)",
  "--raised": "#343746",
  "--scrim": "rgba(25, 26, 33, 0.55)",
  "--shadow": "0 40px 90px -30px rgba(0, 0, 0, 0.8)",
  "--t-com": "#6272a4",
  "--t-f": "#50fa7b",
  "--t-http": "#ff79c6",
  "--t-key": "#8be9fd",
  "--t-num": "#bd93f9",
  "--t-op": "#ff79c6",
  "--t-q": "#ff79c6",
  "--t-sec": "#bd93f9",
  "--t-str": "#f1fa8c",
  "--t-var": "#ffb86c",
  "--text": "#f8f8f2",
  "--warn": "#ffb86c",
  "--warn-line": "rgba(255, 184, 108, 0.6)",
  "--warn-soft": "rgba(255, 184, 108, 0.11)",
}
`;

exports[`design tokens > github-dark > matches the snapshot 1`] = `
{
  "--accent": "#4493f8",
  "--accent-ink": "#000000",
  "--accent-kbd": "rgba(0, 0, 0, 0.16)",
  "--accent-line": "rgba(68, 147, 248, 0.4)",
  "--accent-soft": "rgba(68, 147, 248, 0.12)",
  "--backdrop": "#010409",
  "--bg": "#0d1117",
  "--curline": "rgba(255, 255, 255, 0.03)",
  "--fail": "#f85149",
  "--fail-line": "rgba(248, 81, 73, 0.32)",
  "--fail-row": "rgba(248, 81, 73, 0.07)",
  "--fail-soft": "rgba(248, 81, 73, 0.1)",
  "--faint": "#656c76",
  "--hover": "#262c36",
  "--info": "#4493f8",
  "--line": "#3d444d",
  "--line2": "#2f353d",
  "--m-delete": "#f85149",
  "--m-get": "#3fb950",
  "--m-patch": "#ab7df8",
  "--m-post": "#d29922",
  "--m-put": "#4493f8",
  "--muted": "#9198a1",
  "--panel": "#151b23",
  "--pass": "#3fb950",
  "--pass-soft": "rgba(63, 185, 80, 0.12)",
  "--pop": "0 18px 44px -12px rgba(0, 0, 0, 0.7)",
  "--raised": "#212830",
  "--scrim": "rgba(1, 4, 9, 0.55)",
  "--shadow": "0 40px 90px -30px rgba(0, 0, 0, 0.8)",
  "--t-com": "#9198a1",
  "--t-f": "#d2a8ff",
  "--t-http": "#ff7b72",
  "--t-key": "#7ee787",
  "--t-num": "#79c0ff",
  "--t-op": "#ff7b72",
  "--t-q": "#d2a8ff",
  "--t-sec": "#d2a8ff",
  "--t-str": "#a5d6ff",
  "--t-var": "#ffa657",
  "--text": "#f0f6fc",
  "--warn": "#d29922",
  "--warn-line": "rgba(210, 153, 34, 0.6)",
  "--warn-soft": "rgba(210, 153, 34, 0.11)",
}
`;

exports[`design tokens > github-light > matches the snapshot 1`] = `
{
  "--accent": "#0969da",
  "--accent-ink": "#ffffff",
  "--accent-kbd": "rgba(255, 255, 255, 0.18)",
  "--accent-line": "rgba(9, 105, 218, 0.4)",
  "--accent-soft": "rgba(9, 105, 218, 0.1)",
  "--backdrop": "#d8dee4",
  "--bg": "#ffffff",
  "--curline": "rgba(31, 35, 40, 0.035)",
  "--fail": "#d1242f",
  "--fail-line": "rgba(209, 36, 47, 0.28)",
  "--fail-row": "rgba(209, 36, 47, 0.06)",
  "--fail-soft": "rgba(209, 36, 47, 0.07)",
  "--faint": "#818b98",
  "--hover": "#e6eaef",
  "--info": "#0969da",
  "--line": "#d1d9e0",
  "--line2": "#dfe4e9",
  "--m-delete": "#d1242f",
  "--m-get": "#1a7f37",
  "--m-patch": "#8250df",
  "--m-post": "#9a6700",
  "--m-put": "#0969da",
  "--muted": "#59636e",
  "--panel": "#f6f8fa",
  "--pass": "#1a7f37",
  "--pass-soft": "rgba(26, 127, 55, 0.1)",
  "--pop": "0 18px 44px -12px rgba(31, 35, 40, 0.3)",
  "--raised": "#eff2f5",
  "--scrim": "rgba(31, 35, 40, 0.28)",
  "--shadow": "0 40px 90px -30px rgba(31, 35, 40, 0.45)",
  "--t-com": "#59636e",
  "--t-f": "#6639ba",
  "--t-http": "#cf222e",
  "--t-key": "#116329",
  "--t-num": "#0550ae",
  "--t-op": "#cf222e",
  "--t-q": "#8250df",
  "--t-sec": "#6639ba",
  "--t-str": "#0a3069",
  "--t-var": "#953800",
  "--text": "#1f2328",
  "--warn": "#9a6700",
  "--warn-line": "rgba(154, 103, 0, 0.55)",
  "--warn-soft": "rgba(154, 103, 0, 0.09)",
}
`;

exports[`design tokens > gruvbox-dark > matches the snapshot 1`] = `
{
  "--accent": "#fabd2f",
  "--accent-ink": "#000000",
  "--accent-kbd": "rgba(0, 0, 0, 0.16)",
  "--accent-line": "rgba(250, 189, 47, 0.4)",
  "--accent-soft": "rgba(250, 189, 47, 0.12)",
  "--backdrop": "#1d2021",
  "--bg": "#282828",
  "--curline": "rgba(255, 255, 255, 0.03)",
  "--fail": "#fb4934",
  "--fail-line": "rgba(251, 73, 52, 0.32)",
  "--fail-row": "rgba(251, 73, 52, 0.07)",
  "--fail-soft": "rgba(251, 73, 52, 0.1)",
  "--faint": "#928374",
  "--hover": "#45403d",
  "--info": "#83a598",
  "--line": "#504945",
  "--line2": "#3c3836",
  "--m-delete": "#fb4934",
  "--m-get": "#b8bb26",
  "--m-patch": "#d3869b",
  "--m-post": "#fe8019",
  "--m-put": "#83a598",
  "--muted": "#a89984",
  "--panel": "#32302f",
  "--pass": "#b8bb26",
  "--pass-soft": "rgba(184, 187, 38, 0.12)",
  "--pop": "0 18px 44px -12px rgba(0, 0, 0, 0.7)",
  "--raised": "#3c3836",
  "--scrim": "rgba(29, 32, 33, 0.55)",
  "--shadow": "0 40px 90px -30px rgba(0, 0, 0, 0.8)",
  "--t-com": "#928374",
  "--t-f": "#8ec07c",
  "--t-http": "#fb4934",
  "--t-key": "#83a598",
  "--t-num": "#d3869b",
  "--t-op": "#fe8019",
  "--t-q": "#fabd2f",
  "--t-sec": "#d3869b",
  "--t-str": "#b8bb26",
  "--t-var": "#fe8019",
  "--text": "#ebdbb2",
  "--warn": "#fe8019",
  "--warn-line": "rgba(254, 128, 25, 0.6)",
  "--warn-soft": "rgba(254, 128, 25, 0.11)",
}
`;

exports[`design tokens > gruvbox-light > matches the snapshot 1`] = `
{
  "--accent": "#b57614",
  "--accent-ink": "#000000",
  "--accent-kbd": "rgba(0, 0, 0, 0.18)",
  "--accent-line": "rgba(181, 118, 20, 0.4)",
  "--accent-soft": "rgba(181, 118, 20, 0.1)",
  "--backdrop": "#bdae93",
  "--bg": "#fbf1c7",
  "--curline": "rgba(60, 56, 54, 0.035)",
  "--fail": "#9d0006",
  "--fail-line": "rgba(157, 0, 6, 0.28)",
  "--fail-row": "rgba(157, 0, 6, 0.06)",
  "--fail-soft": "rgba(157, 0, 6, 0.07)",
  "--faint": "#928374",
  "--hover": "#e1d0a8",
  "--info": "#076678",
  "--line": "#d5c4a1",
  "--line2": "#e6d6ae",
  "--m-delete": "#9d0006",
  "--m-get": "#79740e",
  "--m-patch": "#8f3f71",
  "--m-post": "#af3a03",
  "--m-put": "#076678",
  "--muted": "#665c54",
  "--panel": "#f2e5bc",
  "--pass": "#79740e",
  "--pass-soft": "rgba(121, 116, 14, 0.1)",
  "--pop": "0 18px 44px -12px rgba(60, 56, 54, 0.3)",
  "--raised": "#ebdbb2",
  "--scrim": "rgba(60, 56, 54, 0.28)",
  "--shadow": "0 40px 90px -30px rgba(60, 56, 54, 0.45)",
  "--t-com": "#7c6f64",
  "--t-f": "#427b58",
  "--t-http": "#9d0006",
  "--t-key": "#076678",
  "--t-num": "#8f3f71",
  "--t-op": "#af3a03",
  "--t-q": "#b57614",
  "--t-sec": "#8f3f71",
  "--t-str": "#79740e",
  "--t-var": "#af3a03",
  "--text": "#3c3836",
  "--warn": "#af3a03",
  "--warn-line": "rgba(175, 58, 3, 0.55)",
  "--warn-soft": "rgba(175, 58, 3, 0.09)",
}
`;

exports[`design tokens > hc-dark > matches the snapshot 1`] = `
{
  "--accent": "#7ee6d5",
  "--accent-ink": "#000000",
  "--accent-kbd": "rgba(0, 0, 0, 0.16)",
  "--accent-line": "rgba(126, 230, 213, 0.4)",
  "--accent-soft": "rgba(126, 230, 213, 0.12)",
  "--backdrop": "#000000",
  "--bg": "#05080f",
  "--curline": "rgba(255, 255, 255, 0.03)",
  "--fail": "#ff9188",
  "--fail-line": "rgba(255, 145, 136, 0.32)",
  "--fail-row": "rgba(255, 145, 136, 0.07)",
  "--fail-soft": "rgba(255, 145, 136, 0.1)",
  "--faint": "#9aa8c0",
  "--hover": "#1c2840",
  "--info": "#9cc2ff",
  "--line": "#7c8ba6",
  "--line2": "#5f6f8c",
  "--m-delete": "#ff9188",
  "--m-get": "#7ee8a8",
  "--m-patch": "#d2b8ff",
  "--m-post": "#f5c864",
  "--m-put": "#9cc2ff",
  "--muted": "#c3cee0",
  "--panel": "#0b111c",
  "--pass": "#7ee8a8",
  "--pass-soft": "rgba(126, 232, 168, 0.12)",
  "--pop": "0 18px 44px -12px rgba(0, 0, 0, 0.7)",
  "--raised": "#131c2d",
  "--scrim": "rgba(0, 0, 0, 0.55)",
  "--shadow": "0 40px 90px -30px rgba(0, 0, 0, 0.8)",
  "--t-com": "#9aa8c0",
  "--t-f": "#f2d68a",
  "--t-http": "#d2b8ff",
  "--t-key": "#9cc2ff",
  "--t-num": "#ffb98a",
  "--t-op": "#ffb3a3",
  "--t-q": "#dcc8ff",
  "--t-sec": "#d2b8ff",
  "--t-str": "#c4e8b8",
  "--t-var": "#7ee6d5",
  "--text": "#ffffff",
  "--warn": "#f5c864",
  "--warn-line": "rgba(245, 200, 100, 0.6)",
  "--warn-soft": "rgba(245, 200, 100, 0.11)",
}
`;

exports[`design tokens > light > matches the snapshot 1`] = `
{
  "--accent": "#1f7f72",
  "--accent-ink": "#ffffff",
  "--accent-kbd": "rgba(255, 255, 255, 0.18)",
  "--accent-line": "rgba(31, 127, 114, 0.4)",
  "--accent-soft": "rgba(31, 127, 114, 0.1)",
  "--backdrop": "#dde3ea",
  "--bg": "#ffffff",
  "--curline": "rgba(18, 26, 43, 0.035)",
  "--fail": "#cc3d33",
  "--fail-line": "rgba(204, 61, 51, 0.28)",
  "--fail-row": "rgba(204, 61, 51, 0.06)",
  "--fail-soft": "rgba(204, 61, 51, 0.07)",
  "--faint": "#8794a7",
  "--hover": "#e6ebf2",
  "--info": "#2f64c9",
  "--line": "#d5dde8",
  "--line2": "#e3e8ef",
  "--m-delete": "#cc3d33",
  "--m-get": "#1b8f55",
  "--m-patch": "#7a4fd0",
  "--m-post": "#9a6a0e",
  "--m-put": "#2f64c9",
  "--muted": "#56657c",
  "--panel": "#f6f8fb",
  "--pass": "#1b8f55",
  "--pass-soft": "rgba(27, 143, 85, 0.1)",
  "--pop": "0 18px 44px -12px rgba(18, 26, 43, 0.3)",
  "--raised": "#eaeff5",
  "--scrim": "rgba(18, 26, 43, 0.28)",
  "--shadow": "0 40px 90px -30px rgba(18, 26, 43, 0.45)",
  "--t-com": "#8b97a8",
  "--t-f": "#8a6a00",
  "--t-http": "#7a4fd0",
  "--t-key": "#2f64c9",
  "--t-num": "#b4540f",
  "--t-op": "#c2410c",
  "--t-q": "#7a4fd0",
  "--t-sec": "#7a4fd0",
  "--t-str": "#2e7d4f",
  "--t-var": "#1f7f72",
  "--text": "#121a2b",
  "--warn": "#9a6a0e",
  "--warn-line": "rgba(154, 106, 14, 0.55)",
  "--warn-soft": "rgba(154, 106, 14, 0.09)",
}
`;

exports[`design tokens > monokai > matches the snapshot 1`] = `
{
  "--accent": "#a6e22e",
  "--accent-ink": "#000000",
  "--accent-kbd": "rgba(0, 0, 0, 0.16)",
  "--accent-line": "rgba(166, 226, 46, 0.4)",
  "--accent-soft": "rgba(166, 226, 46, 0.12)",
  "--backdrop": "#1e1f1c",
  "--bg": "#272822",
  "--curline": "rgba(255, 255, 255, 0.03)",
  "--fail": "#f92672",
  "--fail-line": "rgba(249, 38, 114, 0.32)",
  "--fail-row": "rgba(249, 38, 114, 0.07)",
  "--fail-soft": "rgba(249, 38, 114, 0.1)",
  "--faint": "#75715e",
  "--hover": "#3e3d32",
  "--info": "#66d9ef",
  "--line": "#414339",
  "--line2": "#34352d",
  "--m-delete": "#f92672",
  "--m-get": "#a6e22e",
  "--m-patch": "#ae81ff",
  "--m-post": "#fd971f",
  "--m-put": "#66d9ef",
  "--muted": "#999583",
  "--panel": "#2d2e27",
  "--pass": "#a6e22e",
  "--pass-soft": "rgba(166, 226, 46, 0.12)",
  "--pop": "0 18px 44px -12px rgba(0, 0, 0, 0.7)",
  "--raised": "#34352d",
  "--scrim": "rgba(30, 31, 28, 0.55)",
  "--shadow": "0 40px 90px -30px rgba(0, 0, 0, 0.8)",
  "--t-com": "#88846f",
  "--t-f": "#a6e22e",
  "--t-http": "#f92672",
  "--t-key": "#66d9ef",
  "--t-num": "#ae81ff",
  "--t-op": "#f92672",
  "--t-q": "#ae81ff",
  "--t-sec": "#ae81ff",
  "--t-str": "#e6db74",
  "--t-var": "#fd971f",
  "--text": "#f8f8f2",
  "--warn": "#fd971f",
  "--warn-line": "rgba(253, 151, 31, 0.6)",
  "--warn-soft": "rgba(253, 151, 31, 0.11)",
}
`;

exports[`design tokens > night-owl > matches the snapshot 1`] = `
{
  "--accent": "#82aaff",
  "--accent-ink": "#000000",
  "--accent-kbd": "rgba(0, 0, 0, 0.16)",
  "--accent-line": "rgba(130, 170, 255, 0.4)",
  "--accent-soft": "rgba(130, 170, 255, 0.12)",
  "--backdrop": "#010e1a",
  "--bg": "#011627",
  "--curline": "rgba(255, 255, 255, 0.03)",
  "--fail": "#ef5350",
  "--fail-line": "rgba(239, 83, 80, 0.32)",
  "--fail-row": "rgba(239, 83, 80, 0.07)",
  "--fail-soft": "rgba(239, 83, 80, 0.1)",
  "--faint": "#4c657a",
  "--hover": "#122d42",
  "--info": "#82aaff",
  "--line": "#1d3b53",
  "--line2": "#0b2942",
  "--m-delete": "#ef5350",
  "--m-get": "#22da6e",
  "--m-patch": "#c792ea",
  "--m-post": "#ecc48d",
  "--m-put": "#82aaff",
  "--muted": "#708284",
  "--panel": "#01111d",
  "--pass": "#22da6e",
  "--pass-soft": "rgba(34, 218, 110, 0.12)",
  "--pop": "0 18px 44px -12px rgba(0, 0, 0, 0.7)",
  "--raised": "#0b2942",
  "--scrim": "rgba(1, 14, 26, 0.55)",
  "--shadow": "0 40px 90px -30px rgba(0, 0, 0, 0.8)",
  "--t-com": "#637777",
  "--t-f": "#82aaff",
  "--t-http": "#c792ea",
  "--t-key": "#80cbc4",
  "--t-num": "#f78c6c",
  "--t-op": "#7fdbca",
  "--t-q": "#5ca7e4",
  "--t-sec": "#c792ea",
  "--t-str": "#ecc48d",
  "--t-var": "#c5e478",
  "--text": "#d6deeb",
  "--warn": "#ecc48d",
  "--warn-line": "rgba(236, 196, 141, 0.6)",
  "--warn-soft": "rgba(236, 196, 141, 0.11)",
}
`;

exports[`design tokens > nord > matches the snapshot 1`] = `
{
  "--accent": "#88c0d0",
  "--accent-ink": "#000000",
  "--accent-kbd": "rgba(0, 0, 0, 0.16)",
  "--accent-line": "rgba(136, 192, 208, 0.4)",
  "--accent-soft": "rgba(136, 192, 208, 0.12)",
  "--backdrop": "#272c36",
  "--bg": "#2e3440",
  "--curline": "rgba(255, 255, 255, 0.03)",
  "--fail": "#bf616a",
  "--fail-line": "rgba(191, 97, 106, 0.32)",
  "--fail-row": "rgba(191, 97, 106, 0.07)",
  "--fail-soft": "rgba(191, 97, 106, 0.1)",
  "--faint": "#757d8f",
  "--hover": "#454e61",
  "--info": "#81a1c1",
  "--line": "#4c566a",
  "--line2": "#3e4659",
  "--m-delete": "#bf616a",
  "--m-get": "#a3be8c",
  "--m-patch": "#b48ead",
  "--m-post": "#ebcb8b",
  "--m-put": "#81a1c1",
  "--muted": "#a5aebf",
  "--panel": "#3b4252",
  "--pass": "#a3be8c",
  "--pass-soft": "rgba(163, 190, 140, 0.12)",
  "--pop": "0 18px 44px -12px rgba(0, 0, 0, 0.7)",
  "--raised": "#434c5e",
  "--scrim": "rgba(39, 44, 54, 0.55)",
  "--shadow": "0 40px 90px -30px rgba(0, 0, 0, 0.8)",
  "--t-com": "#616e88",
  "--t-f": "#88c0d0",
  "--t-http": "#81a1c1",
  "--t-key": "#8fbcbb",
  "--t-num": "#b48ead",
  "--t-op": "#81a1c1",
  "--t-q": "#ebcb8b",
  "--t-sec": "#81a1c1",
  "--t-str": "#a3be8c",
  "--t-var": "#d08770",
  "--text": "#d8dee9",
  "--warn": "#ebcb8b",
  "--warn-line": "rgba(235, 203, 139, 0.6)",
  "--warn-soft": "rgba(235, 203, 139, 0.11)",
}
`;

exports[`design tokens > one-dark-pro > matches the snapshot 1`] = `
{
  "--accent": "#61afef",
  "--accent-ink": "#000000",
  "--accent-kbd": "rgba(0, 0, 0, 0.16)",
  "--accent-line": "rgba(97, 175, 239, 0.4)",
  "--accent-soft": "rgba(97, 175, 239, 0.12)",
  "--backdrop": "#21252b",
  "--bg": "#282c34",
  "--curline": "rgba(255, 255, 255, 0.03)",
  "--fail": "#e06c75",
  "--fail-line": "rgba(224, 108, 117, 0.32)",
  "--fail-row": "rgba(224, 108, 117, 0.07)",
  "--fail-soft": "rgba(224, 108, 117, 0.1)",
  "--faint": "#6e7582",
  "--hover": "#3a3f4b",
  "--info": "#61afef",
  "--line": "#3e4452",
  "--line2": "#353b45",
  "--m-delete": "#e06c75",
  "--m-get": "#98c379",
  "--m-patch": "#c678dd",
  "--m-post": "#e5c07b",
  "--m-put": "#61afef",
  "--muted": "#9399a4",
  "--panel": "#2c313c",
  "--pass": "#98c379",
  "--pass-soft": "rgba(152, 195, 121, 0.12)",
  "--pop": "0 18px 44px -12px rgba(0, 0, 0, 0.7)",
  "--raised": "#323842",
  "--scrim": "rgba(33, 37, 43, 0.55)",
  "--shadow": "0 40px 90px -30px rgba(0, 0, 0, 0.8)",
  "--t-com": "#7f848e",
  "--t-f": "#61afef",
  "--t-http": "#c678dd",
  "--t-key": "#e06c75",
  "--t-num": "#d19a66",
  "--t-op": "#56b6c2",
  "--t-q": "#56b6c2",
  "--t-sec": "#c678dd",
  "--t-str": "#98c379",
  "--t-var": "#e5c07b",
  "--text": "#abb2bf",
  "--warn": "#e5c07b",
  "--warn-line": "rgba(229, 192, 123, 0.6)",
  "--warn-soft": "rgba(229, 192, 123, 0.11)",
}
`;

exports[`design tokens > rose-pine > matches the snapshot 1`] = `
{
  "--accent": "#ebbcba",
  "--accent-ink": "#000000",
  "--accent-kbd": "rgba(0, 0, 0, 0.16)",
  "--accent-line": "rgba(235, 188, 186, 0.4)",
  "--accent-soft": "rgba(235, 188, 186, 0.12)",
  "--backdrop": "#12101c",
  "--bg": "#191724",
  "--curline": "rgba(255, 255, 255, 0.03)",
  "--fail": "#eb6f92",
  "--fail-line": "rgba(235, 111, 146, 0.32)",
  "--fail-row": "rgba(235, 111, 146, 0.07)",
  "--fail-soft": "rgba(235, 111, 146, 0.1)",
  "--faint": "#6e6a86",
  "--hover": "#302d41",
  "--info": "#31748f",
  "--line": "#403d52",
  "--line2": "#26233a",
  "--m-delete": "#eb6f92",
  "--m-get": "#9ccfd8",
  "--m-patch": "#c4a7e7",
  "--m-post": "#f6c177",
  "--m-put": "#31748f",
  "--muted": "#908caa",
  "--panel": "#1f1d2e",
  "--pass": "#9ccfd8",
  "--pass-soft": "rgba(156, 207, 216, 0.12)",
  "--pop": "0 18px 44px -12px rgba(0, 0, 0, 0.7)",
  "--raised": "#26233a",
  "--scrim": "rgba(18, 16, 28, 0.55)",
  "--shadow": "0 40px 90px -30px rgba(0, 0, 0, 0.8)",
  "--t-com": "#6e6a86",
  "--t-f": "#eb6f92",
  "--t-http": "#31748f",
  "--t-key": "#9ccfd8",
  "--t-num": "#ebbcba",
  "--t-op": "#31748f",
  "--t-q": "#eb6f92",
  "--t-sec": "#c4a7e7",
  "--t-str": "#f6c177",
  "--t-var": "#c4a7e7",
  "--text": "#e0def4",
  "--warn": "#f6c177",
  "--warn-line": "rgba(246, 193, 119, 0.6)",
  "--warn-soft": "rgba(246, 193, 119, 0.11)",
}
`;

exports[`design tokens > rose-pine-dawn > matches the snapshot 1`] = `
{
  "--accent": "#c67874",
  "--accent-ink": "#000000",
  "--accent-kbd": "rgba(0, 0, 0, 0.18)",
  "--accent-line": "rgba(198, 120, 116, 0.4)",
  "--accent-soft": "rgba(198, 120, 116, 0.1)",
  "--backdrop": "#cecacd",
  "--bg": "#faf4ed",
  "--curline": "rgba(87, 82, 121, 0.035)",
  "--fail": "#b4637a",
  "--fail-line": "rgba(180, 99, 122, 0.28)",
  "--fail-row": "rgba(180, 99, 122, 0.06)",
  "--fail-soft": "rgba(180, 99, 122, 0.07)",
  "--faint": "#908ba0",
  "--hover": "#ebe3dc",
  "--info": "#286983",
  "--line": "#dfdad9",
  "--line2": "#e9e1da",
  "--m-delete": "#b4637a",
  "--m-get": "#56949f",
  "--m-patch": "#907aa9",
  "--m-post": "#be7f2a",
  "--m-put": "#286983",
  "--muted": "#6d688a",
  "--panel": "#f4ede8",
  "--pass": "#56949f",
  "--pass-soft": "rgba(86, 148, 159, 0.1)",
  "--pop": "0 18px 44px -12px rgba(87, 82, 121, 0.3)",
  "--raised": "#f2e9e1",
  "--scrim": "rgba(87, 82, 121, 0.28)",
  "--shadow": "0 40px 90px -30px rgba(87, 82, 121, 0.45)",
  "--t-com": "#9893a5",
  "--t-f": "#b4637a",
  "--t-http": "#286983",
  "--t-key": "#56949f",
  "--t-num": "#c67874",
  "--t-op": "#286983",
  "--t-q": "#b4637a",
  "--t-sec": "#907aa9",
  "--t-str": "#be7f2a",
  "--t-var": "#907aa9",
  "--text": "#575279",
  "--warn": "#be7f2a",
  "--warn-line": "rgba(190, 127, 42, 0.55)",
  "--warn-soft": "rgba(190, 127, 42, 0.09)",
}
`;

exports[`design tokens > solarized-dark > matches the snapshot 1`] = `
{
  "--accent": "#268bd2",
  "--accent-ink": "#000000",
  "--accent-kbd": "rgba(0, 0, 0, 0.16)",
  "--accent-line": "rgba(38, 139, 210, 0.4)",
  "--accent-soft": "rgba(38, 139, 210, 0.12)",
  "--backdrop": "#00212b",
  "--bg": "#002b36",
  "--curline": "rgba(255, 255, 255, 0.03)",
  "--fail": "#dc322f",
  "--fail-line": "rgba(220, 50, 47, 0.32)",
  "--fail-row": "rgba(220, 50, 47, 0.07)",
  "--fail-soft": "rgba(220, 50, 47, 0.1)",
  "--faint": "#5e7379",
  "--hover": "#0d4250",
  "--info": "#268bd2",
  "--line": "#1a5262",
  "--line2": "#0d3f4c",
  "--m-delete": "#dc322f",
  "--m-get": "#859900",
  "--m-patch": "#6c71c4",
  "--m-post": "#b58900",
  "--m-put": "#268bd2",
  "--muted": "#869798",
  "--panel": "#04323e",
  "--pass": "#859900",
  "--pass-soft": "rgba(133, 153, 0, 0.12)",
  "--pop": "0 18px 44px -12px rgba(0, 0, 0, 0.7)",
  "--raised": "#073642",
  "--scrim": "rgba(0, 33, 43, 0.55)",
  "--shadow": "0 40px 90px -30px rgba(0, 0, 0, 0.8)",
  "--t-com": "#586e75",
  "--t-f": "#b58900",
  "--t-http": "#6c71c4",
  "--t-key": "#268bd2",
  "--t-num": "#d33682",
  "--t-op": "#859900",
  "--t-q": "#d33682",
  "--t-sec": "#6c71c4",
  "--t-str": "#2aa198",
  "--t-var": "#cb4b16",
  "--text": "#93a1a1",
  "--warn": "#b58900",
  "--warn-line": "rgba(181, 137, 0, 0.6)",
  "--warn-soft": "rgba(181, 137, 0, 0.11)",
}
`;

exports[`design tokens > solarized-light > matches the snapshot 1`] = `
{
  "--accent": "#268bd2",
  "--accent-ink": "#000000",
  "--accent-kbd": "rgba(0, 0, 0, 0.18)",
  "--accent-line": "rgba(38, 139, 210, 0.4)",
  "--accent-soft": "rgba(38, 139, 210, 0.1)",
  "--backdrop": "#e6dfc8",
  "--bg": "#fdf6e3",
  "--curline": "rgba(86, 108, 115, 0.035)",
  "--fail": "#dc322f",
  "--fail-line": "rgba(220, 50, 47, 0.28)",
  "--fail-row": "rgba(220, 50, 47, 0.06)",
  "--fail-soft": "rgba(220, 50, 47, 0.07)",
  "--faint": "#829294",
  "--hover": "#e8e1cc",
  "--info": "#268bd2",
  "--line": "#d6cfba",
  "--line2": "#e8e2cf",
  "--m-delete": "#dc322f",
  "--m-get": "#849700",
  "--m-patch": "#6c71c4",
  "--m-post": "#b38800",
  "--m-put": "#268bd2",
  "--muted": "#5a7078",
  "--panel": "#f5efdc",
  "--pass": "#849700",
  "--pass-soft": "rgba(132, 151, 0, 0.1)",
  "--pop": "0 18px 44px -12px rgba(86, 108, 115, 0.3)",
  "--raised": "#eee8d5",
  "--scrim": "rgba(86, 108, 115, 0.28)",
  "--shadow": "0 40px 90px -30px rgba(86, 108, 115, 0.45)",
  "--t-com": "#93a1a1",
  "--t-f": "#b38800",
  "--t-http": "#6c71c4",
  "--t-key": "#268bd2",
  "--t-num": "#d33682",
  "--t-op": "#849700",
  "--t-q": "#d33682",
  "--t-sec": "#6c71c4",
  "--t-str": "#299e95",
  "--t-var": "#cb4b16",
  "--text": "#566c73",
  "--warn": "#b38800",
  "--warn-line": "rgba(179, 136, 0, 0.55)",
  "--warn-soft": "rgba(179, 136, 0, 0.09)",
}
`;

exports[`design tokens > tokyo-night > matches the snapshot 1`] = `
{
  "--accent": "#7aa2f7",
  "--accent-ink": "#000000",
  "--accent-kbd": "rgba(0, 0, 0, 0.16)",
  "--accent-line": "rgba(122, 162, 247, 0.4)",
  "--accent-soft": "rgba(122, 162, 247, 0.12)",
  "--backdrop": "#16161e",
  "--bg": "#1a1b26",
  "--curline": "rgba(255, 255, 255, 0.03)",
  "--fail": "#f7768e",
  "--fail-line": "rgba(247, 118, 142, 0.32)",
  "--fail-row": "rgba(247, 118, 142, 0.07)",
  "--fail-soft": "rgba(247, 118, 142, 0.1)",
  "--faint": "#616682",
  "--hover": "#292e42",
  "--info": "#7dcfff",
  "--line": "#3b4261",
  "--line2": "#2a2e42",
  "--m-delete": "#f7768e",
  "--m-get": "#9ece6a",
  "--m-patch": "#bb9af7",
  "--m-post": "#e0af68",
  "--m-put": "#7aa2f7",
  "--muted": "#8186a4",
  "--panel": "#1e202e",
  "--pass": "#9ece6a",
  "--pass-soft": "rgba(158, 206, 106, 0.12)",
  "--pop": "0 18px 44px -12px rgba(0, 0, 0, 0.7)",
  "--raised": "#24283b",
  "--scrim": "rgba(22, 22, 30, 0.55)",
  "--shadow": "0 40px 90px -30px rgba(0, 0, 0, 0.8)",
  "--t-com": "#51597d",
  "--t-f": "#7aa2f7",
  "--t-http": "#bb9af7",
  "--t-key": "#7aa2f7",
  "--t-num": "#ff9e64",
  "--t-op": "#89ddff",
  "--t-q": "#b4f9f8",
  "--t-sec": "#bb9af7",
  "--t-str": "#9ece6a",
  "--t-var": "#e0af68",
  "--text": "#a9b1d6",
  "--warn": "#e0af68",
  "--warn-line": "rgba(224, 175, 104, 0.6)",
  "--warn-soft": "rgba(224, 175, 104, 0.11)",
}
`;

exports[`design tokens > tokyo-night-light > matches the snapshot 1`] = `
{
  "--accent": "#2959aa",
  "--accent-ink": "#ffffff",
  "--accent-kbd": "rgba(255, 255, 255, 0.18)",
  "--accent-line": "rgba(41, 89, 170, 0.4)",
  "--accent-soft": "rgba(41, 89, 170, 0.1)",
  "--backdrop": "#babcc4",
  "--bg": "#e6e7ed",
  "--curline": "rgba(52, 59, 89, 0.035)",
  "--fail": "#8c4351",
  "--fail-line": "rgba(140, 67, 81, 0.28)",
  "--fail-row": "rgba(140, 67, 81, 0.06)",
  "--fail-soft": "rgba(140, 67, 81, 0.07)",
  "--faint": "#808494",
  "--hover": "#dcdee3",
  "--info": "#006c86",
  "--line": "#c1c2c7",
  "--line2": "#cbcdd3",
  "--m-delete": "#8c4351",
  "--m-get": "#385f0d",
  "--m-patch": "#65359d",
  "--m-post": "#8f5e15",
  "--m-put": "#2959aa",
  "--muted": "#595d71",
  "--panel": "#d6d8df",
  "--pass": "#385f0d",
  "--pass-soft": "rgba(56, 95, 13, 0.1)",
  "--pop": "0 18px 44px -12px rgba(52, 59, 89, 0.3)",
  "--raised": "#d0d2d9",
  "--scrim": "rgba(52, 59, 89, 0.28)",
  "--shadow": "0 40px 90px -30px rgba(52, 59, 89, 0.45)",
  "--t-com": "#888b94",
  "--t-f": "#2959aa",
  "--t-http": "#65359d",
  "--t-key": "#2959aa",
  "--t-num": "#965027",
  "--t-op": "#006c86",
  "--t-q": "#3e6968",
  "--t-sec": "#65359d",
  "--t-str": "#385f0d",
  "--t-var": "#8f5e15",
  "--text": "#343b59",
  "--warn": "#8f5e15",
  "--warn-line": "rgba(143, 94, 21, 0.55)",
  "--warn-soft": "rgba(143, 94, 21, 0.09)",
}
`;

exports[`design tokens > vscode-dark > matches the snapshot 1`] = `
{
  "--accent": "#297aa0",
  "--accent-ink": "#ffffff",
  "--accent-kbd": "rgba(255, 255, 255, 0.16)",
  "--accent-line": "rgba(41, 122, 160, 0.4)",
  "--accent-soft": "rgba(41, 122, 160, 0.12)",
  "--backdrop": "#0d0e0f",
  "--bg": "#121314",
  "--curline": "rgba(255, 255, 255, 0.03)",
  "--fail": "#f48771",
  "--fail-line": "rgba(244, 135, 113, 0.32)",
  "--fail-row": "rgba(244, 135, 113, 0.07)",
  "--fail-soft": "rgba(244, 135, 113, 0.1)",
  "--faint": "#6b6e6f",
  "--hover": "#26272a",
  "--info": "#3a94bc",
  "--line": "#2a2b2c",
  "--line2": "#222324",
  "--m-delete": "#f48771",
  "--m-get": "#86cf86",
  "--m-patch": "#ad80d7",
  "--m-post": "#cca700",
  "--m-put": "#57a3f8",
  "--muted": "#8c8c8c",
  "--panel": "#191a1b",
  "--pass": "#86cf86",
  "--pass-soft": "rgba(134, 207, 134, 0.12)",
  "--pop": "0 18px 44px -12px rgba(0, 0, 0, 0.7)",
  "--raised": "#202122",
  "--scrim": "rgba(13, 14, 15, 0.55)",
  "--shadow": "0 40px 90px -30px rgba(0, 0, 0, 0.8)",
  "--t-com": "#8b949e",
  "--t-f": "#d2a8ff",
  "--t-http": "#ff7b72",
  "--t-key": "#7ee787",
  "--t-num": "#79c0ff",
  "--t-op": "#ff7b72",
  "--t-q": "#d2a8ff",
  "--t-sec": "#d2a8ff",
  "--t-str": "#a5d6ff",
  "--t-var": "#ffa657",
  "--text": "#bbbebf",
  "--warn": "#cca700",
  "--warn-line": "rgba(204, 167, 0, 0.6)",
  "--warn-soft": "rgba(204, 167, 0, 0.11)",
}
`;

exports[`design tokens > vscode-light > matches the snapshot 1`] = `
{
  "--accent": "#0069cc",
  "--accent-ink": "#ffffff",
  "--accent-kbd": "rgba(255, 255, 255, 0.18)",
  "--accent-line": "rgba(0, 105, 204, 0.4)",
  "--accent-soft": "rgba(0, 105, 204, 0.1)",
  "--backdrop": "#dcdce2",
  "--bg": "#ffffff",
  "--curline": "rgba(32, 32, 32, 0.035)",
  "--fail": "#ad0707",
  "--fail-line": "rgba(173, 7, 7, 0.28)",
  "--fail-row": "rgba(173, 7, 7, 0.06)",
  "--fail-soft": "rgba(173, 7, 7, 0.07)",
  "--faint": "#858585",
  "--hover": "#ebebeb",
  "--info": "#0069cc",
  "--line": "#e2e2e5",
  "--line2": "#f0f1f2",
  "--m-delete": "#ad0707",
  "--m-get": "#388a34",
  "--m-patch": "#652d90",
  "--m-post": "#b19100",
  "--m-put": "#1a5cff",
  "--muted": "#606060",
  "--panel": "#fafafd",
  "--pass": "#388a34",
  "--pass-soft": "rgba(56, 138, 52, 0.1)",
  "--pop": "0 18px 44px -12px rgba(32, 32, 32, 0.3)",
  "--raised": "#f1f1f5",
  "--scrim": "rgba(32, 32, 32, 0.28)",
  "--shadow": "0 40px 90px -30px rgba(32, 32, 32, 0.45)",
  "--t-com": "#6e7781",
  "--t-f": "#8250df",
  "--t-http": "#cf222e",
  "--t-key": "#116329",
  "--t-num": "#0550ae",
  "--t-op": "#cf222e",
  "--t-q": "#8250df",
  "--t-sec": "#8250df",
  "--t-str": "#0a3069",
  "--t-var": "#953800",
  "--text": "#202020",
  "--warn": "#b19100",
  "--warn-line": "rgba(177, 145, 0, 0.55)",
  "--warn-soft": "rgba(177, 145, 0, 0.09)",
}
`;
